MPLINK 5.09, LINKER
Linker Map File - Created Wed Oct 30 00:15:34 2019

                                 Section Info
                  Section       Type    Address   Location Size(Bytes)
                ---------  ---------  ---------  ---------  ---------
                   .org_0       code   0x000000    program   0x000034
                   .cinit    romdata   0x00001a    program   0x000004
.config_2007_BUILD/DEFAULT/PRODUCTION/CONTADO       code   0x002007    program   0x000002



                              Program Memory Usage 
                               Start         End      
                           ---------   ---------      
                            0x000000    0x00001b      
                            0x002007    0x002007      
            29 out of 4230 program addresses used, program memory utilization is 0%



                              Symbols - Sorted by Name
                     Name    Address   Location    Storage File                     
                ---------  ---------  ---------  --------- ---------                
             _.org_0_000B   0x00000b    program     static D:\PRACTICAS PIC\MACROS_PIC16F873A.X\CONTADOR_CON_MACROS.asm
             encender_led   0x000016    program     static D:\PRACTICAS PIC\MACROS_PIC16F873A.X\CONTADOR_CON_MACROS.asm
            encender_led1   0x000018    program     static D:\PRACTICAS PIC\MACROS_PIC16F873A.X\CONTADOR_CON_MACROS.asm
                     loop   0x000008    program     static D:\PRACTICAS PIC\MACROS_PIC16F873A.X\CONTADOR_CON_MACROS.asm



                              Symbols - Sorted by Address
                     Name    Address   Location    Storage File                     
                ---------  ---------  ---------  --------- ---------                
                     loop   0x000008    program     static D:\PRACTICAS PIC\MACROS_PIC16F873A.X\CONTADOR_CON_MACROS.asm
             _.org_0_000B   0x00000b    program     static D:\PRACTICAS PIC\MACROS_PIC16F873A.X\CONTADOR_CON_MACROS.asm
             encender_led   0x000016    program     static D:\PRACTICAS PIC\MACROS_PIC16F873A.X\CONTADOR_CON_MACROS.asm
            encender_led1   0x000018    program     static D:\PRACTICAS PIC\MACROS_PIC16F873A.X\CONTADOR_CON_MACROS.asm


